src/pages/About.tsx(8,20): error TS2307: Cannot find module '@/components/Navbar' or its corresponding type declarations.
src/pages/About.tsx(9,20): error TS2307: Cannot find module '@/components/Footer' or its corresponding type declarations.
src/pages/About.tsx(10,27): error TS2307: Cannot find module '@/components/SectionReveal' or its corresponding type declarations.
src/pages/About.tsx(11,28): error TS2307: Cannot find module '@/components/JourneySection' or its corresponding type declarations.
src/pages/About.tsx(12,24): error TS2307: Cannot find module '@/components/ui/button' or its corresponding type declarations.
src/pages/About.tsx(13,33): error TS2307: Cannot find module '@/components/HexagonalBackground' or its corresponding type declarations.
src/pages/About.tsx(18,25): error TS2307: Cannot find module '@/assets/Images/IMG_4514.jpg' or its corresponding type declarations.
src/pages/About.tsx(19,20): error TS2307: Cannot find module '@/assets/Images/IMG_4528.jpg' or its corresponding type declarations.
src/pages/About.tsx(20,21): error TS2307: Cannot find module '@/assets/Images/IMG_4582.jpg' or its corresponding type declarations.
src/pages/About.tsx(21,26): error TS2307: Cannot find module '@/assets/Images/IMG_4543.jpg' or its corresponding type declarations.
src/pages/About.tsx(22,23): error TS2307: Cannot find module '@/assets/Images/IMG_4565.jpg' or its corresponding type declarations.
src/pages/About.tsx(23,24): error TS2307: Cannot find module '@/assets/new-imgs/Plant Nursery.jpg' or its corresponding type declarations.
src/pages/About.tsx(24,25): error TS2307: Cannot find module '@/assets/pillar/4909887-hd_1080_1920_30fps.mp4' or its corresponding type declarations.
src/pages/About.tsx(26,23): error TS2307: Cannot find module '@/assets/labs/MVI_4536.mp4' or its corresponding type declarations.
src/pages/About.tsx(27,23): error TS2307: Cannot find module '@/assets/labs/MVI_4559.mp4' or its corresponding type declarations.
src/pages/About.tsx(28,23): error TS2307: Cannot find module '@/assets/labs/MVI_4697.mp4' or its corresponding type declarations.
src/pages/About.tsx(29,23): error TS2307: Cannot find module '@/assets/labs/MVI_4760.mp4' or its corresponding type declarations.
src/pages/About.tsx(31,25): error TS2307: Cannot find module '@/assets/Project/Droga Oil Manufacturing Plant.jpg' or its corresponding type declarations.
src/pages/About.tsx(32,25): error TS2307: Cannot find module '@/assets/Project/droga-manufacture.png' or its corresponding type declarations.
src/pages/About.tsx(33,25): error TS2307: Cannot find module '@/assets/new-imgs/Soap.jpg' or its corresponding type declarations.
src/pages/About.tsx(34,25): error TS2307: Cannot find module '@/assets/new-imgs/Rosmary.jpg' or its corresponding type declarations.
src/pages/About.tsx(36,26): error TS2307: Cannot find module '@/assets/Partners/Shimadzu.png' or its corresponding type declarations.
src/pages/About.tsx(37,28): error TS2307: Cannot find module '@/assets/Partners/Electrolab.png' or its corresponding type declarations.
src/pages/About.tsx(38,23): error TS2307: Cannot find module '@/assets/Partners/Lotus.png' or its corresponding type declarations.
src/pages/About.tsx(39,21): error TS2307: Cannot find module '@/assets/Partners/EMI.png' or its corresponding type declarations.
src/pages/About.tsx(40,21): error TS2307: Cannot find module '@/assets/Partners/Tek.png' or its corresponding type declarations.
src/pages/About.tsx(41,21): error TS2307: Cannot find module '@/assets/Partners/Debre Berhan.png' or its corresponding type declarations.
src/pages/About.tsx(42,21): error TS2307: Cannot find module '@/assets/Partners/AAU.png' or its corresponding type declarations.
src/pages/About.tsx(43,21): error TS2307: Cannot find module '@/assets/Partners/EMA.png' or its corresponding type declarations.
src/pages/About.tsx(44,24): error TS2307: Cannot find module '@/assets/Partners/Breeze.png' or its corresponding type declarations.
src/pages/Index.tsx(11,24): error TS2307: Cannot find module '@/components/ui/button' or its corresponding type declarations.
src/pages/Index.tsx(12,27): error TS2307: Cannot find module '@/components/SectionReveal' or its corresponding type declarations.
src/pages/Index.tsx(13,20): error TS2307: Cannot find module '@/components/Navbar' or its corresponding type declarations.
src/pages/Index.tsx(14,20): error TS2307: Cannot find module '@/components/Footer' or its corresponding type declarations.
src/pages/Index.tsx(15,33): error TS2307: Cannot find module '@/components/HexagonalBackground' or its corresponding type declarations.
src/pages/Index.tsx(16,21): error TS2307: Cannot find module '@/assets/Images/IMG_4582.jpg' or its corresponding type declarations.
src/pages/Index.tsx(17,20): error TS2307: Cannot find module '@/assets/Images/IMG_4528.jpg' or its corresponding type declarations.
src/pages/Index.tsx(18,25): error TS2307: Cannot find module '@/assets/Images/IMG_4514.jpg' or its corresponding type declarations.
src/pages/Index.tsx(19,26): error TS2307: Cannot find module '@/assets/Images/IMG_4543.jpg' or its corresponding type declarations.
src/pages/Index.tsx(20,23): error TS2307: Cannot find module '@/assets/Images/IMG_4565.jpg' or its corresponding type declarations.
src/pages/Index.tsx(21,25): error TS2307: Cannot find module '@/assets/pillar/4909887-hd_1080_1920_30fps.mp4' or its corresponding type declarations.
src/pages/Index.tsx(23,25): error TS2307: Cannot find module '@/assets/Project/Droga Oil Manufacturing Plant.jpg' or its corresponding type declarations.
src/pages/Index.tsx(24,25): error TS2307: Cannot find module '@/assets/Project/droga-manufacture.png' or its corresponding type declarations.
src/pages/Index.tsx(25,25): error TS2307: Cannot find module '@/assets/new-imgs/Soap.jpg' or its corresponding type declarations.
src/pages/Index.tsx(26,25): error TS2307: Cannot find module '@/assets/new-imgs/Rosmary.jpg' or its corresponding type declarations.
src/pages/Index.tsx(27,27): error TS2307: Cannot find module '@/assets/new-imgs/Plant Nursery.jpg' or its corresponding type declarations.
src/pages/Index.tsx(29,22): error TS2307: Cannot find module '@/assets/Images/IMG_4565.jpg' or its corresponding type declarations.
src/pages/Index.tsx(30,22): error TS2307: Cannot find module '@/assets/Images/IMG_4713.jpg' or its corresponding type declarations.
src/pages/Index.tsx(31,22): error TS2307: Cannot find module '@/assets/Images/IMG_4784.jpg' or its corresponding type declarations.
src/pages/Index.tsx(32,22): error TS2307: Cannot find module '@/assets/Images/IMG_4555.jpg' or its corresponding type declarations.
src/pages/Index.tsx(33,22): error TS2307: Cannot find module '@/assets/Images/IMG_4517.jpg' or its corresponding type declarations.
